# 9998D3

**Age:** 38  
**Life Stage:** Peak  
**Birthdate:** Senday 337-1067  
**Homeworld:** E358322-8  
**Fame:** 8  
**Cash:** Cr370,000

## Skills

- Flyer-2
- Archeology-6
- Planetology-4
- Advocate-2
- Diplomat-1
- Language-1
- Starship Skill-3
- Jack of all Trades-1
- Navigation-3
- Gunner-2
- Dancer-3
- Seafarer-2
- Vacc Suit-1
- Musician-1
- Streetwise-1

## Education

**School:** University  
**Major:** Archeology  
**Minor:** Planetology  
**Degree:** Honors BA  
**Honors:** yes

**Graduate Program:** Law School (graduated as Attorney)

## Careers

### Scout

- Term 1 (Dex)
  - Soc +1
  - Diplomat-1
  - Language-1
  - End +1
  - Starship Skill-1
  - Jack of all Trades-1
  - Int +1
  - Navigation-1
- Term 2 (End)
  - Gunner-1
  - Dex +1
  - Dancer-1
  - Flyer-1
- Term 3 (Str)
  - Dancer-1
  - Seafarer-1
  - Major-1
  - Edu +1
- Term 4 (Dex): Reward: Discovery
  - Minor-1
  - Vacc Suit-1
  - Edu +1
  - Starship Skill-1
  - Navigation-1
  - Str +1
  - Seafarer-1
  - Musician-1
- Term 5 (End): Reward: Discovery
  - Starship Skill-1
  - Str +1
  - Streetwise-1
  - Edu +1
  - Dancer-1
  - Navigation-1
  - Minor-1
  - Gunner-1

**Mustering Out**

- Money: Cr80,000, Cr80,000, Cr60,000, Cr70,000, Cr80,000


## Land Grants

- Discovery on C7A9777-5 (MW 1, other 1 hexes) — Cr15,000/year
- Discovery on D255413-8 (MW 1, other 1 hexes) — Cr25,000/year

**Total Annual Income:** Cr40,000/year

_(seed: 42)_
