# C6A3664-5

**UWP:** C6A3664-5

**Trade Codes:** Fl Ni

**Bases:** None

**PBG:** 630

**Travel Zone:** Green

## Extensions

- **Importance:** -2
- **Economic:** Resources 4, Labor 5, Infrastructure 0, Efficiency +0
- **Cultural:** Heterogeneity 11, Acceptance 4, Strangeness 4, Symbols 4

_(seed: 42)_
